// Jest Snapshot v1, https://goo.gl/fbAQLP

exports[`Notifications Reducers Initial state Should match snapshot 1`] = `
Object {
  "snacks": Array [],
}
`;
