// Jest Snapshot v1, https://goo.gl/fbAQLP

exports[`<TablePagination /> Should match table snapshot 1`] = `
<div
  className="wrapper"
>
  <span
    className="typo subTitle greyMedium left"
  >
    Items per page:
  </span>
  <div
    className="root textFieldRoot"
  >
    <div
      className="textField normal active textFieldFocus textField"
      onClick={[Function]}
    >
      <span
        className="arrow textFieldArrow"
      >
        <svg
          height="1em"
          viewBox="0 0 20 20"
          width="1em"
        >
          <g
            fill="none"
            fillRule="evenodd"
          >
            <path
              d="M6.175 6.667L10 10.483l3.825-3.816L15 7.842l-5 5-5-5z"
              fill="currentColor"
              fillRule="nonzero"
            />
            <path
              d="M0 20h20V0H0z"
            />
          </g>
        </svg>
      </span>
      <div
        className="formGroup"
      >
        <div
          className="formLabel"
        >
          <input
            className="input"
            hidden={true}
            onBlur={[Function]}
            onFocus={[Function]}
            readOnly={true}
            value={10}
          />
          <div
            className="input inputSelect inputSelect"
          >
            
          </div>
        </div>
      </div>
    </div>
    
  </div>
  <span
    className="typo labelDisplayedRows subTitle greyMedium left"
  >
    1-10 of 200
  </span>
  <button
    className="typo wrap icon button inherit middle"
    disabled={true}
    onClick={[Function]}
  >
    <svg
      height="1em"
      viewBox="0 0 20 20"
      width="1em"
    >
      <g
        fill="none"
        fillRule="evenodd"
      >
        <path
          d="M13.333 13.825L9.517 10l3.816-3.825L12.158 5l-5 5 5 5z"
          fill="currentColor"
          fillRule="nonzero"
        />
        <path
          d="M0 20V0h20v20z"
        />
      </g>
    </svg>
  </button>
  <button
    className="typo wrap icon button inherit middle"
    disabled={false}
    onClick={[Function]}
  >
    <svg
      height="1em"
      viewBox="0 0 20 20"
      width="1em"
    >
      <g
        fill="none"
        fillRule="evenodd"
      >
        <path
          d="M6.667 6.175L10.483 10l-3.816 3.825L7.842 15l5-5-5-5z"
          fill="currentColor"
          fillRule="nonzero"
        />
        <path
          d="M20 0v20H0V0z"
        />
      </g>
    </svg>
  </button>
</div>
`;
