// Jest Snapshot v1, https://goo.gl/fbAQLP

exports[`<SceneHeading /> Should match snapshot 1`] = `
<div
  className="heading"
>
  <div
    className="row"
  >
    <div
      className="col1"
    >
      <div
        className="typo title h2 black left"
      >
        Tile here
      </div>
      <div
        className="typo subTitle body1 greyDark left"
      >
        Subtitle here
      </div>
    </div>
    <div
      className="col2"
    >
      <div
        className="colRight"
      >
        <button
          className="typo wrap primary button inherit middle"
        >
          Action
        </button>
      </div>
    </div>
  </div>
</div>
`;
